// Jest Snapshot v1, https://goo.gl/fbAQLP

exports[`Footer renders footer 1`] = `
<div>
  <footer
    class="bg-gray-800 text-white py-4"
  >
    <div
      class="max-w-4xl mx-auto text-center"
    >
      <p
        class="text-sm"
      >
        Â© 
        2024
         Fab Hotels. All rights reserved.
      </p>
    </div>
  </footer>
</div>
`;
